CURRENT BUILD STATUS - v2.3.71 / b202

No current compile error is known.

The previous historical compile failure in this file was stale pre-v2.3.57 output
and has been removed to avoid misleading future agents.

Latest verified remote build before this change:
- Market Radar Debug APK Validation: success
- Commit: 93b37d3
- Completed: 2026-05-27T09:25:30Z

Current local limitation:
- This Codex container does not have a local Java runtime configured, so Gradle
  build verification is performed through GitHub Actions after push.
